// Jest Snapshot v1, https://goo.gl/fbAQLP

exports[`Should CardScreen component render correctly 1`] = `
Array [
  <header
    className="page-header"
  >
    <div
      className="page-header__wrapper"
    >
      <a
        className="page-header__logo"
        href="/"
        onClick={[Function]}
      >
        Starshipsshop
      </a>
      <nav
        className="main-nav"
      >
        <ul
          className="main-nav__list"
        >
          <li
            className="main-nav__item"
          >
            <a
              className="main-nav__link main-nav__link--active"
              href="/"
              onClick={[Function]}
            >
              <svg
                className="main-nav__icon"
              >
                <use
                  xlinkHref="#home-page"
                />
              </svg>
              <span
                className="main-nav__text"
              >
                Shop
              </span>
            </a>
          </li>
          <li
            className="main-nav__item"
          >
            <a
              className="main-nav__link"
              href="/contact"
              onClick={[Function]}
            >
              <svg
                className="main-nav__icon"
              >
                <use
                  xlinkHref="#social-group"
                />
              </svg>
              <span
                className="main-nav__text"
              >
                Contact
              </span>
            </a>
          </li>
          <li
            className="main-nav__item"
          >
            <a
              className="main-nav__link"
              href="/cart"
              onClick={[Function]}
            >
              <svg
                className="main-nav__icon"
              >
                <use
                  xlinkHref="#shopping-cart"
                />
              </svg>
              <span
                className="main-nav__text"
              >
                Cart
              </span>
              <span
                className="main-nav__sub"
              >
                2
              </span>
            </a>
          </li>
        </ul>
      </nav>
    </div>
  </header>,
  <main
    className="page-main"
  >
    <div
      className="page-main__wrapper"
    >
      <h1
        className="visually-hidden"
      >
        Ship card
      </h1>
      <section
        className="ship-card ship-card--full"
      >
        <div
          className="ship-card__hero"
        >
          <div
            className="ship-card__bg"
          >
            <img
              alt="Battlestar Galactica"
              className="ship-card__img"
              src="./img/bg/battlestar-galactica.png"
            />
          </div>
        </div>
        <div
          className="ship-card__wrapper"
        >
          <div
            className="ship-card__rating"
          >
            <p
              className="ship-card__text"
            >
              Rating: 
              6.1
            </p>
          </div>
          <div
            className="ship-card__price"
          >
            <p
              className="ship-card__text"
            >
              Price: 
              234122
              $
            </p>
          </div>
          <div
            className="ship-card__description"
          >
            <p
              className="ship-card__text"
            >
              Description: 
              Battlespaceship
            </p>
          </div>
        </div>
        <button
          className="ship-card__button"
          onClick={[Function]}
          type="button"
        >
          Add to cart
        </button>
      </section>
    </div>
  </main>,
  <footer
    className="page-footer"
  >
    <div
      className="page-footer__wrapper"
    >
      <a
        className="page-footer__logo"
        href="/"
        onClick={[Function]}
      >
        Starshipsshop
      </a>
      <div
        className="page-footer__copyright"
      >
        <p
          className="page-footer__text"
        >
          Â© 2020 Stars ships shop Ltd.
        </p>
      </div>
    </div>
  </footer>,
]
`;
