// Jest Snapshot v1, https://goo.gl/fbAQLP

exports[`Should render Footer component correctly 1`] = `
<footer
  className="page-footer"
>
  <div
    className="page-footer__wrapper"
  >
    <a
      className="page-footer__logo"
      href="/"
      onClick={[Function]}
    >
      Starshipsshop
    </a>
    <div
      className="page-footer__copyright"
    >
      <p
        className="page-footer__text"
      >
        Â© 2020 Stars ships shop Ltd.
      </p>
    </div>
  </div>
</footer>
`;
