// Jest Snapshot v1, https://goo.gl/fbAQLP

exports[`Should Cart component render correctly 1`] = `
Array [
  <header
    className="page-header"
  >
    <div
      className="page-header__wrapper"
    >
      <a
        className="page-header__logo"
        href="/"
        onClick={[Function]}
      >
        Starshipsshop
      </a>
      <nav
        className="main-nav"
      >
        <ul
          className="main-nav__list"
        >
          <li
            className="main-nav__item"
          >
            <a
              className="main-nav__link main-nav__link--active"
              href="/"
              onClick={[Function]}
            >
              <svg
                className="main-nav__icon"
              >
                <use
                  xlinkHref="#home-page"
                />
              </svg>
              <span
                className="main-nav__text"
              >
                Shop
              </span>
            </a>
          </li>
          <li
            className="main-nav__item"
          >
            <a
              className="main-nav__link"
              href="/contact"
              onClick={[Function]}
            >
              <svg
                className="main-nav__icon"
              >
                <use
                  xlinkHref="#social-group"
                />
              </svg>
              <span
                className="main-nav__text"
              >
                Contact
              </span>
            </a>
          </li>
          <li
            className="main-nav__item"
          >
            <a
              className="main-nav__link"
              href="/cart"
              onClick={[Function]}
            >
              <svg
                className="main-nav__icon"
              >
                <use
                  xlinkHref="#shopping-cart"
                />
              </svg>
              <span
                className="main-nav__text"
              >
                Cart
              </span>
              <span
                className="main-nav__sub"
              >
                2
              </span>
            </a>
          </li>
        </ul>
      </nav>
    </div>
  </header>,
  <main
    className="page-main"
  >
    <h1
      className="visually-hidden"
    >
      Cart
    </h1>
    <section
      className="cart"
    >
      <ul
        className="cart__list"
      >
        <li
          className="cart__item"
        >
          <button
            className="cart__close-button"
            onClick={[Function]}
            type="button"
          >
            <svg
              className="cart__close-icon"
            >
              <use
                xlinkHref="#cart-remove-item"
              />
            </svg>
          </button>
          <a
            className="cart__link"
            href="/card/3"
            onClick={[Function]}
          >
            <img
              alt="Battlestar Galactica"
              className="cart__image"
              src="./img/content/battlestar-galactica-preview.png"
            />
            <p
              className="cart__text"
            >
              Battlestar Galactica
            </p>
            <p
              className="cart__text"
            >
              234122
              $
            </p>
          </a>
        </li>
        <li
          className="cart__item"
        >
          <button
            className="cart__close-button"
            onClick={[Function]}
            type="button"
          >
            <svg
              className="cart__close-icon"
            >
              <use
                xlinkHref="#cart-remove-item"
              />
            </svg>
          </button>
          <a
            className="cart__link"
            href="/card/4"
            onClick={[Function]}
          >
            <img
              alt="Borg's Cube"
              className="cart__image"
              src="./img/content/borgs-cube-preview.jpg"
            />
            <p
              className="cart__text"
            >
              Borg's Cube
            </p>
            <p
              className="cart__text"
            >
              1002000
              $
            </p>
          </a>
        </li>
        <li
          className="cart__item"
        >
          <button
            className="cart__close-button"
            onClick={[Function]}
            type="button"
          >
            <svg
              className="cart__close-icon"
            >
              <use
                xlinkHref="#cart-remove-item"
              />
            </svg>
          </button>
          <a
            className="cart__link"
            href="/card/5"
            onClick={[Function]}
          >
            <img
              alt="Death Star"
              className="cart__image"
              src="./img/content/death-star-preview.png"
            />
            <p
              className="cart__text"
            >
              Death Star
            </p>
            <p
              className="cart__text"
            >
              1000000
              $
            </p>
          </a>
        </li>
        <li
          className="cart__item"
        >
          <button
            className="cart__close-button"
            onClick={[Function]}
            type="button"
          >
            <svg
              className="cart__close-icon"
            >
              <use
                xlinkHref="#cart-remove-item"
              />
            </svg>
          </button>
          <a
            className="cart__link"
            href="/card/6"
            onClick={[Function]}
          >
            <img
              alt="Eagle-5"
              className="cart__image"
              src="./img/content/eagle-5-preview.jpg"
            />
            <p
              className="cart__text"
            >
              Eagle-5
            </p>
            <p
              className="cart__text"
            >
              100
              $
            </p>
          </a>
        </li>
        <li
          className="cart__item"
        >
          <button
            className="cart__close-button"
            onClick={[Function]}
            type="button"
          >
            <svg
              className="cart__close-icon"
            >
              <use
                xlinkHref="#cart-remove-item"
              />
            </svg>
          </button>
          <a
            className="cart__link"
            href="/card/7"
            onClick={[Function]}
          >
            <img
              alt="Flying Dish"
              className="cart__image"
              src="./img/content/flying-dishes-preview.jpg"
            />
            <p
              className="cart__text"
            >
              Flying Dish
            </p>
            <p
              className="cart__text"
            >
              3400000
              $
            </p>
          </a>
        </li>
        <li
          className="cart__item"
        >
          <button
            className="cart__close-button"
            onClick={[Function]}
            type="button"
          >
            <svg
              className="cart__close-icon"
            >
              <use
                xlinkHref="#cart-remove-item"
              />
            </svg>
          </button>
          <a
            className="cart__link"
            href="/card/8"
            onClick={[Function]}
          >
            <img
              alt="Heart of Gold"
              className="cart__image"
              src="./img/content/golden-heart-preview.png"
            />
            <p
              className="cart__text"
            >
              Heart of Gold
            </p>
            <p
              className="cart__text"
            >
              100000000
              $
            </p>
          </a>
        </li>
        <li
          className="cart__item"
        >
          <button
            className="cart__close-button"
            onClick={[Function]}
            type="button"
          >
            <svg
              className="cart__close-icon"
            >
              <use
                xlinkHref="#cart-remove-item"
              />
            </svg>
          </button>
          <a
            className="cart__link"
            href="/card/9"
            onClick={[Function]}
          >
            <img
              alt="Millenium Falcon"
              className="cart__image"
              src="./img/content/millennium-falcon-preview.png"
            />
            <p
              className="cart__text"
            >
              Millenium Falcon
            </p>
            <p
              className="cart__text"
            >
              54980
              $
            </p>
          </a>
        </li>
      </ul>
      <div
        className="cart__total"
      >
        <p
          className="cart__total-text"
        >
          Total price:
        </p>
        <p
          className="cart__total-text"
        >
          105691202
          $
        </p>
      </div>
      <div
        className="cart__button-group"
      >
        <button
          className="cart__button-submit"
          disabled={false}
          onClick={[Function]}
          type="button"
        >
          Buy
        </button>
        <a
          className="cart__button-continue"
          href="/"
          onClick={[Function]}
        >
          Continue
        </a>
      </div>
    </section>
  </main>,
  <footer
    className="page-footer"
  >
    <div
      className="page-footer__wrapper"
    >
      <a
        className="page-footer__logo"
        href="/"
        onClick={[Function]}
      >
        Starshipsshop
      </a>
      <div
        className="page-footer__copyright"
      >
        <p
          className="page-footer__text"
        >
          Â© 2020 Stars ships shop Ltd.
        </p>
      </div>
    </div>
  </footer>,
]
`;
