// Jest Snapshot v1, https://goo.gl/fbAQLP

exports[`Should ShowMoreButton component render correctly 1`] = `
<button
  className="catalog__button"
  onClick={[Function]}
  type="button"
>
  Show more
</button>
`;

exports[`Should not ShowMoreButton component render 1`] = `null`;
